#-----------------------------------------------------------
# Vivado v2018.3 (64-bit)
# SW Build 2405991 on Thu Dec  6 23:38:27 MST 2018
# IP Build 2404404 on Fri Dec  7 01:43:56 MST 2018
# Start of session at: Sun Feb 15 15:47:56 2026
# Process ID: 4968
# Current directory: C:/Mac/Home/Documents/GitHub/EEEE4123/Lab3
# Command line: vivado.exe -gui_launcher_event rodinguilauncherevent2292 C:\Mac\Home\Documents\GitHub\EEEE4123\Lab3\Lab3.xpr
# Log file: C:/Mac/Home/Documents/GitHub/EEEE4123/Lab3/vivado.log
# Journal file: C:/Mac/Home/Documents/GitHub/EEEE4123/Lab3\vivado.jou
#-----------------------------------------------------------
start_gui
open_project C:/Mac/Home/Documents/GitHub/EEEE4123/Lab3/Lab3.xpr
update_compile_order -fileset sources_1
update_compile_order -fileset sources_1
launch_runs synth_1 -jobs 2
wait_on_run synth_1
reset_run synth_1
launch_runs synth_1 -jobs 2
wait_on_run synth_1
reset_run synth_1
launch_runs synth_1 -jobs 2
wait_on_run synth_1
launch_simulation -mode post-synthesis -type functional
update_compile_order -fileset sim_1
